// Jest Snapshot v1, https://goo.gl/fbAQLP

exports[`ForecastSummaries renders and matches snapshot 1`] = `
<DocumentFragment>
  <div
    class="forecast-summaries"
  >
    <div
      class="forecast-summary"
      data-testid="forecast-summary"
    >
      <div
        class="forecast-summary_date"
      >
        Thu Jan 01 1970
      </div>
      <div
        class="forecast-summary_icon"
        data-testid="forecast-icon"
      >
        <img
          alt="NaN"
        />
      </div>
      <div
        class="forecast-summary_temperature"
      >
        91°C
      </div>
      <div
        class="forecast-summary_description"
      >
        stubDescription1
      </div>
      <button
        type="button"
      >
        More details
      </button>
    </div>
    <div
      class="forecast-summary"
      data-testid="forecast-summary"
    >
      <div
        class="forecast-summary_date"
      >
        Thu Jan 01 1970
      </div>
      <div
        class="forecast-summary_icon"
        data-testid="forecast-icon"
      >
        <img
          alt="NaN"
        />
      </div>
      <div
        class="forecast-summary_temperature"
      >
        92°C
      </div>
      <div
        class="forecast-summary_description"
      >
        stubDescription2
      </div>
      <button
        type="button"
      >
        More details
      </button>
    </div>
  </div>
</DocumentFragment>
`;
